// Jest Snapshot v1, https://goo.gl/fbAQLP

exports[`Tab Component Should match the snapshot 1`] = `
<div
  className="tab-container"
>
  <div
    className="tab active"
    onClick={[Function]}
  >
    All
  </div>
  <div
    className="tab"
    onClick={[Function]}
  >
    Documentory
  </div>
  <div
    className="tab"
    onClick={[Function]}
  >
    Comedy
  </div>
  <div
    className="tab"
    onClick={[Function]}
  >
    Horror
  </div>
  <div
    className="tab"
    onClick={[Function]}
  >
    Crime
  </div>
</div>
`;
